{
  "images" : [
    {
      "idiom" : "universal",
      "filename" : "warriors.jpg",
      "scale" : "1x"
    },
    {
      "idiom" : "universal",
      "filename" : "warriors@2x.jpg",
      "scale" : "2x"
    },
    {
      "idiom" : "universal",
      "filename" : "warriors@3x.jpg",
      "scale" : "3x"
    }
  ],
  "info" : {
    "version" : 1,
    "author" : "xcode"
  }
}